
[1m[46m RUN [49m[22m [36mv4.0.18 [39m[90mD:/Projects/FoodieFlow/client[39m

 [31mΓ¥»[39m src/components/Checkout.test.tsx [2m([22m[2m2 tests[22m[2m | [22m[31m2 failed[39m[2m)[22m[32m 70[2mms[22m[39m
[31m     [31m├ù[31m shows empty cart message when cart is empty[39m[32m 49[2mms[22m[39m
[31m     [31m├ù[31m renders checkout form when items are in cart[39m[32m 20[2mms[22m[39m
node.exe : 
At line:1 char:1
+ & "C:\Program 
Files\nodejs/node.exe" 
"C:\Program 
Files\nodejs/node_mo ...
+ ~~~~~~~~~~~~~~~~~~~~~~~~~~
~~~~~~~~~~~~~~~~~~~~~~~~~~~~
~~~~~~~~~~~~~~~
    + CategoryInfo          
    : NotSpecified: (:Stri  
  ng) [], RemoteException
    + FullyQualifiedErrorId 
    : NativeCommandError
 
[31mΓÄ»ΓÄ»ΓÄ»ΓÄ»ΓÄ»ΓÄ»ΓÄ»[
39m[1m[41m Failed Tests 2 
[49m[22m[31mΓÄ»ΓÄ»ΓÄ»ΓÄ»Γ
Ä»ΓÄ»ΓÄ»[39m

[41m[1m FAIL [22m[49m sr
c/components/Checkout.test.t
sx[2m > [22mCheckout 
Component[2m > [22mshows 
empty cart message when 
cart is empty
[31m[1mError[22m: 
Invalid Chai property: 
toBeInTheDocument[39m
[36m [2mΓ¥»[22m src/compo
nents/Checkout.test.tsx:[2m
25:55[22m[39m
    [90m 23| [39m        )
    [90m 24| [39m
    [90m 25| [39m        e
xpect(screen.getByText(/Your
 cart is 
empty/i)).toBeInTheDocumΓÇª
    [90m   | [39m         
                            
                 [31m^[39m
    [90m 26| [39m    })
    [90m 27| [39m

[31m[2mΓÄ»ΓÄ»ΓÄ»ΓÄ»ΓÄ»ΓÄ»Γ
Ä»ΓÄ»ΓÄ»ΓÄ»ΓÄ»ΓÄ»ΓÄ»ΓÄ»ΓÄ»ΓÄ
»ΓÄ»ΓÄ»ΓÄ»ΓÄ»ΓÄ»ΓÄ»ΓÄ»ΓÄ»[1/
2]ΓÄ»[22m[39m

[41m[1m FAIL [22m[49m sr
c/components/Checkout.test.t
sx[2m > [22mCheckout 
Component[2m > 
[22mrenders checkout form 
when items are in cart
[31m[1mError[22m: 
Invalid Chai property: 
toBeInTheDocument[39m
[36m [2mΓ¥»[22m src/compo
nents/Checkout.test.tsx:[2m
41:53[22m[39m
    [90m 39| [39m        )
    [90m 40| [39m
    [90m 41| [39m        e
xpect(screen.getByText(/Deli
very Details/i)).toBeInTheDo
cumenΓÇª
    [90m   | [39m         
                            
               [31m^[39m
    [90m 42| [39m        e
xpect(screen.getByPlaceholde
rText(/John 
Doe/i)).toBeInTheDocuΓÇª
    [90m 43| [39m    })

[31m[2mΓÄ»ΓÄ»ΓÄ»ΓÄ»ΓÄ»ΓÄ»Γ
Ä»ΓÄ»ΓÄ»ΓÄ»ΓÄ»ΓÄ»ΓÄ»ΓÄ»ΓÄ»ΓÄ
»ΓÄ»ΓÄ»ΓÄ»ΓÄ»ΓÄ»ΓÄ»ΓÄ»ΓÄ»[2/
2]ΓÄ»[22m[39m


[2m Test Files [22m [1m[31m1 failed[39m[22m[90m (1)[39m
[2m      Tests [22m [1m[31m2 failed[39m[22m[90m (2)[39m
[2m   Start at [22m 19:13:09
[2m   Duration [22m 2.27s[2m (transform 197ms, setup 0ms, import 658ms, tests 70ms, environment 1.28s)[22m

