  console.log
    [dotenv@17.3.1] injecting env (5) from .env -- tip: ΓÜÖ∩╕Å  load multiple .env files with { path: ['.env.local', '.env'] }

      at _log (node_modules/dotenv/lib/main.js:139:11)

  console.log
    [dotenv@17.3.1] injecting env (0) from .env -- tip: ΓÜí∩╕Å secrets for agents: https://dotenvx.com/as2

      at _log (node_modules/dotenv/lib/main.js:139:11)

node.exe : (node:30400) 
ExperimentalWarning: VM 
Modules is an experimental 
feature and might change at 
any time
At line:1 char:1
+ & "C:\Program 
Files\nodejs/node.exe" 
"C:\Program 
Files\nodejs/node_mo ...
+ ~~~~~~~~~~~~~~~~~~~~~~~~~~
~~~~~~~~~~~~~~~~~~~~~~~~~~~~
~~~~~~~~~~~~~~~
    + CategoryInfo          
    : NotSpecified: ((node  
  :30400) Ex...nge at any   
  time:String) [], Remot    
eException
    + FullyQualifiedErrorId 
    : NativeCommandError
 
(Use `node --trace-warnings 
...` to show where the 
warning was created)
FAIL 
src/tests/order.test.ts 
(14.785 s)
  ΓùÅ Order API ΓÇ║ should 
simulate order status 
updates

    thrown: "Exceeded 
timeout of 5000 ms for a 
test.
    Add a timeout value to 
this test to increase the 
timeout, if this is a 
long-running test. See https
://jestjs.io/docs/api#testna
me-fn-timeout."

    [0m [90m 62 |[39m    
 })[33m;[39m
     [90m 63 |[39m
    
[31m[1m>[22m[39m[90m 
64 |[39m     
it([32m'should simulate 
order status 
updates'[39m[33m,[39m 
[36masync[39m () 
[33m=>[39m {
     [90m    |[39m     
[31m[1m^[22m[39m
     [90m 65 |[39m        
 [90m// We use fake timers 
to test the status 
updates[39m
     [90m 66 |[39m        
 jest[33m.[39museFakeTimer
s()[33m;[39m
     [90m 67 |[39m[0m

      at 
src/tests/order.test.ts:64:5
      at 
src/tests/order.test.ts:8:1


  ΓùÅ Test suite failed to 
run

    thrown: "Exceeded 
timeout of 5000 ms for a 
hook.
    Add a timeout value to 
this test to increase the 
timeout, if this is a 
long-running test. See https
://jestjs.io/docs/api#testna
me-fn-timeout."

    [0m [90m 11 |[39m 
})[33m;[39m
     [90m 12 |[39m
    
[31m[1m>[22m[39m[90m 
13 |[39m 
afterAll([36masync[39m () 
[33m=>[39m {
     [90m    |[39m 
[31m[1m^[22m[39m
     [90m 14 |[39m     
[36mif[39m (mongo) {
     [90m 15 |[39m        
 [36mawait[39m mongoose[3
3m.[39mconnection[33m.[39
mdropDatabase()[33m;[39m
     [90m 16 |[39m        
 [36mawait[39m mongoose[3
3m.[39mconnection[33m.[39
mclose()[33m;[39m[0m

      at 
src/tests/setup.ts:13:1

Test Suites: 1 failed, 1 
total
Tests:       1 failed, 3 
passed, 4 total
Snapshots:   0 total
Time:        15.499 s
Ran all test suites 
matching 
src/tests/order.test.ts.
Jest did not exit one 
second after the test run 
has completed.

'This usually means that 
there are asynchronous 
operations that weren't 
stopped in your tests. 
Consider running Jest with 
`--detectOpenHandles` to 
troubleshoot this issue.
